*** Using Compiler 'V5.06 update 7 (build 960)', folder: 'D:\k5\k5\ARM\ARMCC\Bin'
Rebuild target 'P02_bootloard_Hal'
assembling startup_stm32f103xb.s...
compiling gpio.c...
compiling stm32f1xx_it.c...
compiling stm32f1xx_hal_tim.c...
compiling stm32f1xx_hal_rcc_ex.c...
compiling stm32f1xx_hal_tim_ex.c...
compiling stm32f1xx_hal_gpio.c...
compiling stm32f1xx_hal.c...
compiling stm32f1xx_hal_msp.c...
compiling usart.c...
compiling stm32f1xx_hal_cortex.c...
compiling stm32f1xx_hal_gpio_ex.c...
compiling main.c...
compiling stm32f1xx_hal_dma.c...
compiling stm32f1xx_hal_uart.c...
compiling stm32f1xx_hal_rcc.c...
compiling int_bootloader.c...
compiling system_stm32f1xx.c...
compiling stm32f1xx_hal_flash_ex.c...
compiling stm32f1xx_hal_pwr.c...
compiling stm32f1xx_hal_flash.c...
compiling stm32f1xx_hal_exti.c...
linking...
Program Size: Code=8224 RO-data=312 RW-data=36 ZI-data=1644  
FromELF: creating hex file...
"P02_bootloard_Hal\P02_bootloard_Hal.axf" - 0 Error(s), 0 Warning(s).
Build Time Elapsed:  00:00:08
